---
source: tests/qualification.rs
expression: failure_matrix_review_artifact()
---
{
  "accepted_command_count": 4,
  "concurrency_violation_count": 0,
  "duplicate_semantic_effect_count": 0,
  "failure_matrix": [
    {
      "accepted_commands": 1,
      "concurrency_violations": 0,
      "duplicate_semantic_effects": 0,
      "recovered_commands": 1,
      "recovery_state": "healthy_projection",
      "scenario": "crash_after_accept_before_effect",
      "semantic_effects_applied": 1
    },
    {
      "accepted_commands": 1,
      "concurrency_violations": 0,
      "duplicate_semantic_effects": 0,
      "recovered_commands": 1,
      "recovery_state": "healthy_projection",
      "scenario": "duplicate_effect_retry",
      "semantic_effects_applied": 1
    },
    {
      "accepted_commands": 1,
      "concurrency_violations": 0,
      "duplicate_semantic_effects": 0,
      "recovered_commands": 1,
      "recovery_state": "healthy_projection",
      "scenario": "concurrent_claim_race",
      "semantic_effects_applied": 0
    },
    {
      "accepted_commands": 1,
      "concurrency_violations": 0,
      "duplicate_semantic_effects": 0,
      "recovered_commands": 1,
      "recovery_state": "repair_needed",
      "scenario": "stale_projection_recovery",
      "semantic_effects_applied": 0
    }
  ],
  "lost_command_count": 0,
  "recovered_command_count": 4,
  "recovery_receipts": [
    {
      "command_id": "cmd-crash-001",
      "outcome": "healthy_projection",
      "receipt_kind": "accepted_command_recovered",
      "scenario": "crash_after_accept_before_effect"
    },
    {
      "command_id": "cmd-repair-001",
      "outcome": "repair_needed",
      "receipt_kind": "repair_needed_state_explicit",
      "scenario": "stale_projection_recovery"
    }
  ],
  "repair_needed_count": 1,
  "semantic_effect_apply_count": 2
}
